// Jest Snapshot v1, https://goo.gl/fbAQLP

exports[`<FilterNavigator /> should display related categories 1`] = `
<DocumentFragment>
  <div
    class=" filtersWrapper"
  >
    <div
      class="filter__container filter__container--title bb b--muted-4"
    >
      <h5
        class="filterMessage t-heading-5 mv5"
      >
        <span>
          Filters
        </span>
      </h5>
    </div>
    <div
      class="filter__container filter__container--c bb b--muted-4"
    >
      <div
        class="filter pt4"
      >
        <div
          class="filterTitle t-mini c-muted-2 flex items-center justify-between"
        >
          <span>
            Departments
          </span>
        </div>
      </div>
      <div
        class="categoriesContainer pb5 flex flex-column"
      >
        <div
          class="categoryGroup mt4"
        >
          <div
            class="categoryParent flex items-center pointer"
            role="button"
            tabindex="-1"
          >
            <div
              class="flex-grow-1 dim"
            >
              <span
                class="categoryItemName f5 c-on-base"
              >
                Eletrônicos
              </span>
            </div>
          </div>
          <div
            class="categoryItemChildrenContainer pl5 pl0-ns"
          >
            <div
              class="mt2"
            >
              <div
                class="categoryItemChildren ph5 ph3-ns pv5 pv1-ns lh-copy pointer hover-bg-muted-5 c-muted-1"
                role="link"
                tabindex="0"
              >
                Smartphones
              </div>
              <div
                class="categoryItemChildren ph5 ph3-ns pv5 pv1-ns lh-copy pointer hover-bg-muted-5 c-muted-1"
                role="link"
                tabindex="0"
              >
                Videogames
              </div>
              <div
                class="categoryItemChildren ph5 ph3-ns pv5 pv1-ns lh-copy pointer hover-bg-muted-5 c-muted-1"
                role="link"
                tabindex="0"
              >
                TVs
              </div>
            </div>
          </div>
        </div>
        <div
          class="categoryGroup mt4"
        >
          <div
            class="categoryParent flex items-center pointer"
            role="button"
            tabindex="-1"
          >
            <div
              class="flex-grow-1 dim"
            >
              <span
                class="categoryItemName f5 c-on-base"
              >
                Livros
              </span>
            </div>
          </div>
          <div
            class="categoryItemChildrenContainer pl5 pl0-ns"
          >
            <div
              class="mt2"
            >
              <div
                class="categoryItemChildren ph5 ph3-ns pv5 pv1-ns lh-copy pointer hover-bg-muted-5 c-muted-1"
                role="link"
                tabindex="0"
              >
                HQs e Mangas
              </div>
            </div>
          </div>
        </div>
        <div
          class="categoryGroup mt4"
        >
          <div
            class="categoryParent flex items-center pointer"
            role="button"
            tabindex="-1"
          >
            <div
              class="flex-grow-1 dim"
            >
              <span
                class="categoryItemName f5 c-on-base"
              >
                Roupas
              </span>
            </div>
          </div>
          <div
            class="categoryItemChildrenContainer pl5 pl0-ns"
          >
            <div
              class="mt2"
            >
              <div
                class="categoryItemChildren ph5 ph3-ns pv5 pv1-ns lh-copy pointer hover-bg-muted-5 c-muted-1"
                role="link"
                tabindex="0"
              >
                Blusas
              </div>
              <div
                class="categoryItemChildren ph5 ph3-ns pv5 pv1-ns lh-copy pointer hover-bg-muted-5 c-muted-1"
                role="link"
                tabindex="0"
              >
                Calças
              </div>
              <div
                class="categoryItemChildren ph5 ph3-ns pv5 pv1-ns lh-copy pointer hover-bg-muted-5 c-muted-1"
                role="link"
                tabindex="0"
              >
                Moletom
              </div>
            </div>
          </div>
        </div>
      </div>
    </div>
  </div>
  <div>
     Extension Point: shop-review-summary 
  </div>
</DocumentFragment>
`;

exports[`<FilterNavigator /> should match snapshot with all 1`] = `
<DocumentFragment>
  <div
    class=" filtersWrapper"
  >
    <div
      class="filter__container filter__container--title bb b--muted-4"
    >
      <h5
        class="filterMessage t-heading-5 mv5"
      >
        <span>
          Filters
        </span>
      </h5>
    </div>
    <div
      class="filter__container filter__container--c bb b--muted-4"
    >
      <div
        class="filter pt4"
      >
        <div
          class="filterTitle t-mini c-muted-2 flex items-center justify-between"
        >
          <span>
            Departments
          </span>
        </div>
      </div>
      <div
        class="categoriesContainer pb5 flex flex-column"
      >
        <div
          class="categoryGroup mt4"
        >
          <div
            class="categoryParent flex items-center pointer"
            role="button"
            tabindex="-1"
          >
            <div
              class="flex-grow-1 dim"
            >
              <span
                class="categoryItemName f5 c-on-base"
              >
                Eletrônicos
              </span>
            </div>
          </div>
          <div
            class="categoryItemChildrenContainer pl5 pl0-ns"
          >
            <div
              class="mt2"
            >
              <div
                class="categoryItemChildren ph5 ph3-ns pv5 pv1-ns lh-copy pointer hover-bg-muted-5 c-muted-1"
                role="link"
                tabindex="0"
              >
                Smartphones
              </div>
              <div
                class="categoryItemChildren ph5 ph3-ns pv5 pv1-ns lh-copy pointer hover-bg-muted-5 c-muted-1"
                role="link"
                tabindex="0"
              >
                Videogames
              </div>
              <div
                class="categoryItemChildren ph5 ph3-ns pv5 pv1-ns lh-copy pointer hover-bg-muted-5 c-muted-1"
                role="link"
                tabindex="0"
              >
                TVs
              </div>
            </div>
          </div>
        </div>
        <div
          class="categoryGroup mt4"
        >
          <div
            class="categoryParent flex items-center pointer"
            role="button"
            tabindex="-1"
          >
            <div
              class="flex-grow-1 dim"
            >
              <span
                class="categoryItemName f5 c-on-base"
              >
                Livros
              </span>
            </div>
          </div>
          <div
            class="categoryItemChildrenContainer pl5 pl0-ns"
          >
            <div
              class="mt2"
            >
              <div
                class="categoryItemChildren ph5 ph3-ns pv5 pv1-ns lh-copy pointer hover-bg-muted-5 c-muted-1"
                role="link"
                tabindex="0"
              >
                HQs e Mangas
              </div>
            </div>
          </div>
        </div>
        <div
          class="categoryGroup mt4"
        >
          <div
            class="categoryParent flex items-center pointer"
            role="button"
            tabindex="-1"
          >
            <div
              class="flex-grow-1 dim"
            >
              <span
                class="categoryItemName f5 c-on-base"
              >
                Roupas
              </span>
            </div>
          </div>
          <div
            class="categoryItemChildrenContainer pl5 pl0-ns"
          >
            <div
              class="mt2"
            >
              <div
                class="categoryItemChildren ph5 ph3-ns pv5 pv1-ns lh-copy pointer hover-bg-muted-5 c-muted-1"
                role="link"
                tabindex="0"
              >
                Blusas
              </div>
              <div
                class="categoryItemChildren ph5 ph3-ns pv5 pv1-ns lh-copy pointer hover-bg-muted-5 c-muted-1"
                role="link"
                tabindex="0"
              >
                Calças
              </div>
              <div
                class="categoryItemChildren ph5 ph3-ns pv5 pv1-ns lh-copy pointer hover-bg-muted-5 c-muted-1"
                role="link"
                tabindex="0"
              >
                Moletom
              </div>
            </div>
          </div>
        </div>
      </div>
    </div>
  </div>
  <div>
     Extension Point: shop-review-summary 
  </div>
</DocumentFragment>
`;
