// Jest Snapshot v1, https://goo.gl/fbAQLP

exports[`<Gallery /> should match snapshot 1`] = `
<DocumentFragment>
  <div
    style="position: absolute; width: 0px; height: 0px; visibility: hidden; display: none;"
  />
  <div
    class="gallery flex flex-row flex-wrap items-stretch bn ph1 na4 justify-center"
  >
    <div
      class="galleryItem galleryItem--normal pa4"
      style="flex-basis: 20%; max-width: 20%;"
    >
      <div>
         Extension Point: product-summary 
      </div>
    </div>
    <div
      class="galleryItem galleryItem--normal pa4"
      style="flex-basis: 20%; max-width: 20%;"
    >
      <div>
         Extension Point: product-summary 
      </div>
    </div>
    <div
      class="galleryItem galleryItem--normal pa4"
      style="flex-basis: 20%; max-width: 20%;"
    >
      <div>
         Extension Point: product-summary 
      </div>
    </div>
    <div
      class="galleryItem galleryItem--normal pa4"
      style="flex-basis: 20%; max-width: 20%;"
    >
      <div>
         Extension Point: product-summary 
      </div>
    </div>
    <div
      class="galleryItem galleryItem--normal pa4"
      style="flex-basis: 20%; max-width: 20%;"
    >
      <div>
         Extension Point: product-summary 
      </div>
    </div>
    <div
      class="galleryItem galleryItem--normal pa4"
      style="flex-basis: 20%; max-width: 20%;"
    >
      <div>
         Extension Point: product-summary 
      </div>
    </div>
    <div
      class="galleryItem galleryItem--normal pa4"
      style="flex-basis: 20%; max-width: 20%;"
    >
      <div>
         Extension Point: product-summary 
      </div>
    </div>
    <div
      class="galleryItem galleryItem--normal pa4"
      style="flex-basis: 20%; max-width: 20%;"
    >
      <div>
         Extension Point: product-summary 
      </div>
    </div>
  </div>
</DocumentFragment>
`;
